

================================================================
== Vivado HLS Report for 'kernel2'
================================================================
* Date:           Sat May  8 22:33:36 2021

* Version:        2019.2 (Build 2704478 on Wed Nov 06 22:10:23 MST 2019)
* Project:        prj_kernel2
* Solution:       optimized
* Product family: kintex7
* Target device:  xc7k160t-fbg484-1


================================================================
== Performance Estimates
================================================================
+ Timing: 
    * Summary: 
    +--------+----------+----------+------------+
    |  Clock |  Target  | Estimated| Uncertainty|
    +--------+----------+----------+------------+
    |ap_clk  | 10.00 ns | 8.365 ns |   1.25 ns  |
    +--------+----------+----------+------------+

+ Latency: 
    * Summary: 
    +---------+---------+-----------+-----------+------+------+---------+
    |  Latency (cycles) |   Latency (absolute)  |   Interval  | Pipeline|
    |   min   |   max   |    min    |    max    |  min |  max |   Type  |
    +---------+---------+-----------+-----------+------+------+---------+
    |     1027|     1027| 10.270 us | 10.270 us |  1027|  1027|   none  |
    +---------+---------+-----------+-----------+------+------+---------+

    + Detail: 
        * Instance: 
        N/A

        * Loop: 
        +----------+---------+---------+----------+-----------+-----------+------+----------+
        |          |  Latency (cycles) | Iteration|  Initiation Interval  | Trip |          |
        | Loop Name|   min   |   max   |  Latency |  achieved |   target  | Count| Pipelined|
        +----------+---------+---------+----------+-----------+-----------+------+----------+
        |- loop    |     1022|     1022|         3|          1|          1|  1021|    yes   |
        +----------+---------+---------+----------+-----------+-----------+------+----------+



================================================================
== Utilization Estimates
================================================================
* Summary: 
+-----------------+---------+-------+--------+--------+-----+
|       Name      | BRAM_18K| DSP48E|   FF   |   LUT  | URAM|
+-----------------+---------+-------+--------+--------+-----+
|DSP              |        -|      -|       -|       -|    -|
|Expression       |        -|      6|       0|     205|    -|
|FIFO             |        -|      -|       -|       -|    -|
|Instance         |        -|      -|       -|       -|    -|
|Memory           |        -|      -|       -|       -|    -|
|Multiplexer      |        -|      -|       -|     137|    -|
|Register         |        -|      -|     204|       -|    -|
+-----------------+---------+-------+--------+--------+-----+
|Total            |        0|      6|     204|     342|    0|
+-----------------+---------+-------+--------+--------+-----+
|Available        |      650|    600|  202800|  101400|    0|
+-----------------+---------+-------+--------+--------+-----+
|Utilization (%)  |        0|      1|   ~0   |   ~0   |    0|
+-----------------+---------+-------+--------+--------+-----+

+ Detail: 
    * Instance: 
    N/A

    * DSP48E: 
    N/A

    * Memory: 
    N/A

    * FIFO: 
    N/A

    * Expression: 
    +-----------------------------------+----------+-------+---+----+------------+------------+
    |           Variable Name           | Operation| DSP48E| FF| LUT| Bitwidth P0| Bitwidth P1|
    +-----------------------------------+----------+-------+---+----+------------+------------+
    |accum_fu_133_p2                    |     *    |      3|  0|  21|          32|          32|
    |mul_ln12_fu_172_p2                 |     *    |      3|  0|  21|          32|          32|
    |accum_1_fu_178_p2                  |     +    |      0|  0|  39|          32|          32|
    |add_ln12_fu_144_p2                 |     +    |      0|  0|  18|          11|           3|
    |array_r_d0                         |     +    |      0|  0|  39|          32|          32|
    |i_fu_155_p2                        |     +    |      0|  0|  18|          11|           1|
    |ap_block_pp0                       |    and   |      0|  0|   6|           1|           1|
    |ap_enable_state5_pp0_iter0_stage0  |    and   |      0|  0|   6|           1|           1|
    |ap_enable_state6_pp0_iter1_stage0  |    and   |      0|  0|   6|           1|           1|
    |ap_enable_state7_pp0_iter2_stage0  |    and   |      0|  0|   6|           1|           1|
    |icmp_ln9_fu_138_p2                 |   icmp   |      0|  0|  13|          11|          12|
    |ap_enable_pp0                      |    xor   |      0|  0|   6|           1|           2|
    |ap_enable_reg_pp0_iter1            |    xor   |      0|  0|   6|           2|           1|
    +-----------------------------------+----------+-------+---+----+------------+------------+
    |Total                              |          |      6|  0| 205|         168|         151|
    +-----------------------------------+----------+-------+---+----+------------+------------+

    * Multiplexer: 
    +------------------------------+----+-----------+-----+-----------+
    |             Name             | LUT| Input Size| Bits| Total Bits|
    +------------------------------+----+-----------+-----+-----------+
    |accum_0_reg_96                |   9|          2|   32|         64|
    |ap_NS_fsm                     |  38|          7|    1|          7|
    |ap_enable_reg_pp0_iter1       |   9|          2|    1|          2|
    |ap_enable_reg_pp0_iter2       |   9|          2|    1|          2|
    |ap_phi_mux_i_0_phi_fu_110_p4  |   9|          2|   11|         22|
    |array_r_address0              |  21|          4|   10|         40|
    |array_r_address1              |  15|          3|   10|         30|
    |i_0_reg_106                   |   9|          2|   11|         22|
    |prev_0_reg_118                |   9|          2|   32|         64|
    |reg_128                       |   9|          2|   32|         64|
    +------------------------------+----+-----------+-----+-----------+
    |Total                         | 137|         28|  141|        317|
    +------------------------------+----+-----------+-----+-----------+

    * Register: 
    +--------------------------------+----+----+-----+-----------+
    |              Name              | FF | LUT| Bits| Const Bits|
    +--------------------------------+----+----+-----+-----------+
    |accum_0_reg_96                  |  32|   0|   32|          0|
    |ap_CS_fsm                       |   6|   0|    6|          0|
    |ap_enable_reg_pp0_iter0         |   1|   0|    1|          0|
    |ap_enable_reg_pp0_iter1         |   1|   0|    1|          0|
    |ap_enable_reg_pp0_iter2         |   1|   0|    1|          0|
    |array_load_1_reg_205            |  32|   0|   32|          0|
    |elem2_reg_194                   |  32|   0|   32|          0|
    |i_0_reg_106                     |  11|   0|   11|          0|
    |i_0_reg_106_pp0_iter1_reg       |  11|   0|   11|          0|
    |i_reg_224                       |  11|   0|   11|          0|
    |icmp_ln9_reg_215                |   1|   0|    1|          0|
    |icmp_ln9_reg_215_pp0_iter1_reg  |   1|   0|    1|          0|
    |prev_0_reg_118                  |  32|   0|   32|          0|
    |reg_128                         |  32|   0|   32|          0|
    +--------------------------------+----+----+-----+-----------+
    |Total                           | 204|   0|  204|          0|
    +--------------------------------+----+----+-----+-----------+



================================================================
== Interface
================================================================
* Summary: 
+------------------+-----+-----+------------+--------------+--------------+
|     RTL Ports    | Dir | Bits|  Protocol  | Source Object|    C Type    |
+------------------+-----+-----+------------+--------------+--------------+
|ap_clk            |  in |    1| ap_ctrl_hs |    kernel2   | return value |
|ap_rst            |  in |    1| ap_ctrl_hs |    kernel2   | return value |
|ap_start          |  in |    1| ap_ctrl_hs |    kernel2   | return value |
|ap_done           | out |    1| ap_ctrl_hs |    kernel2   | return value |
|ap_idle           | out |    1| ap_ctrl_hs |    kernel2   | return value |
|ap_ready          | out |    1| ap_ctrl_hs |    kernel2   | return value |
|array_r_address0  | out |   10|  ap_memory |    array_r   |     array    |
|array_r_ce0       | out |    1|  ap_memory |    array_r   |     array    |
|array_r_we0       | out |    1|  ap_memory |    array_r   |     array    |
|array_r_d0        | out |   32|  ap_memory |    array_r   |     array    |
|array_r_q0        |  in |   32|  ap_memory |    array_r   |     array    |
|array_r_address1  | out |   10|  ap_memory |    array_r   |     array    |
|array_r_ce1       | out |    1|  ap_memory |    array_r   |     array    |
|array_r_q1        |  in |   32|  ap_memory |    array_r   |     array    |
+------------------+-----+-----+------------+--------------+--------------+

