

================================================================
== Vivado HLS Report for 'kernel8'
================================================================
* Date:           Sat May  8 03:04:24 2021

* Version:        2019.2 (Build 2704478 on Wed Nov 06 22:10:23 MST 2019)
* Project:        prj_kernel8
* Solution:       pipeline
* Product family: kintex7
* Target device:  xc7k160t-fbg484-1


================================================================
== Performance Estimates
================================================================
+ Timing: 
    * Summary: 
    +--------+----------+----------+------------+
    |  Clock |  Target  | Estimated| Uncertainty|
    +--------+----------+----------+------------+
    |ap_clk  | 10.00 ns | 6.580 ns |   1.25 ns  |
    +--------+----------+----------+------------+

+ Latency: 
    * Summary: 
    +---------+---------+----------+----------+-----+-----+---------+
    |  Latency (cycles) |  Latency (absolute) |  Interval | Pipeline|
    |   min   |   max   |    min   |    max   | min | max |   Type  |
    +---------+---------+----------+----------+-----+-----+---------+
    |        ?|        ?|         ?|         ?|    ?|    ?|   none  |
    +---------+---------+----------+----------+-----+-----+---------+

    + Detail: 
        * Instance: 
        N/A

        * Loop: 
        +----------+---------+---------+----------+-----------+-----------+------+----------+
        |          |  Latency (cycles) | Iteration|  Initiation Interval  | Trip |          |
        | Loop Name|   min   |   max   |  Latency |  achieved |   target  | Count| Pipelined|
        +----------+---------+---------+----------+-----------+-----------+------+----------+
        |- loop    |        ?|        ?|         4|          4|          1|     ?|    yes   |
        +----------+---------+---------+----------+-----------+-----------+------+----------+

============================================================
+ Verbose Summary: Synthesis Manager
============================================================
InlineROM: 1
ExposeGlobal: 0
============================================================
+ Verbose Summary: CDFG Model
============================================================
IsTopModel: 1
ResetActiveHigh: 1
IsCombinational: 0
IsDatapathOnly: 0
HasWiredReturn: 1
HasMFsm: 0
HasVarLatency: 1
IsPipeline: 0
IsRtlPipelined: 0
IsInstanceOverlapped: 0
IsDontTouch: 0
HasImplIP: 0
IsGatedGlobalClock: 0

+ Individual pipeline summary: 
  * Pipeline-0: initiation interval (II) = 4, depth = 4


============================================================
+ Verbose Summary: Schedule
============================================================
* Number of FSM states : 6
* Pipeline : 1
  Pipeline-0 : II = 4, D = 4, States = { 2 3 4 5 }
* Dataflow Pipeline: 0

* FSM state transitions: 
1 --> 2 
2 --> 6 3 
3 --> 4 
4 --> 5 
5 --> 2 
6 --> 

* FSM state operations: 

State 1 <SV = 0> <Delay = 1.78>
ST_1 : Operation 7 [1/1] (0.00ns)   --->   "call void (...)* @_ssdm_op_SpecBitsMap([1024 x i32]* %array_r) nounwind, !map !7"   --->   Operation 7 'specbitsmap' <Predicate = true> <Delay = 0.00>
ST_1 : Operation 8 [1/1] (0.00ns)   --->   "call void (...)* @_ssdm_op_SpecBitsMap(i32 %multiplier) nounwind, !map !13"   --->   Operation 8 'specbitsmap' <Predicate = true> <Delay = 0.00>
ST_1 : Operation 9 [1/1] (0.00ns)   --->   "call void (...)* @_ssdm_op_SpecBitsMap(i32 %offset) nounwind, !map !19"   --->   Operation 9 'specbitsmap' <Predicate = true> <Delay = 0.00>
ST_1 : Operation 10 [1/1] (0.00ns)   --->   "call void (...)* @_ssdm_op_SpecTopModule([8 x i8]* @kernel8_str) nounwind"   --->   Operation 10 'spectopmodule' <Predicate = true> <Delay = 0.00>
ST_1 : Operation 11 [1/1] (0.00ns)   --->   "%offset_read = call i32 @_ssdm_op_Read.ap_auto.i32(i32 %offset) nounwind" [kernel8.cpp:3]   --->   Operation 11 'read' 'offset_read' <Predicate = true> <Delay = 0.00>
ST_1 : Operation 12 [1/1] (0.00ns)   --->   "%multiplier_read = call i32 @_ssdm_op_Read.ap_auto.i32(i32 %multiplier) nounwind" [kernel8.cpp:3]   --->   Operation 12 'read' 'multiplier_read' <Predicate = true> <Delay = 0.00>
ST_1 : Operation 13 [1/1] (1.78ns)   --->   "%sub_ln5 = sub nsw i32 1023, %offset_read" [kernel8.cpp:5]   --->   Operation 13 'sub' 'sub_ln5' <Predicate = true> <Delay = 1.78> <Core = "AddSub">   --->   Core 14 'AddSub' <Latency = 0> <II = 1> <Delay = 1.78> <FuncUnit> <Opcode : 'add' 'sub'> <InPorts = 2> <OutPorts = 1>
ST_1 : Operation 14 [1/1] (1.06ns)   --->   "br label %1" [kernel8.cpp:5]   --->   Operation 14 'br' <Predicate = true> <Delay = 1.06>

State 2 <SV = 1> <Delay = 6.21>
ST_2 : Operation 15 [1/1] (0.00ns)   --->   "%i_0 = phi i31 [ 6, %0 ], [ %i, %loop ]"   --->   Operation 15 'phi' 'i_0' <Predicate = true> <Delay = 0.00>
ST_2 : Operation 16 [1/1] (0.00ns)   --->   "%zext_ln5 = zext i31 %i_0 to i32" [kernel8.cpp:5]   --->   Operation 16 'zext' 'zext_ln5' <Predicate = true> <Delay = 0.00>
ST_2 : Operation 17 [1/1] (1.54ns)   --->   "%icmp_ln5 = icmp slt i32 %zext_ln5, %sub_ln5" [kernel8.cpp:5]   --->   Operation 17 'icmp' 'icmp_ln5' <Predicate = true> <Delay = 1.54> <Core = "Cmp">   --->   Core 25 'Cmp' <Latency = 0> <II = 1> <Delay = 1.54> <FuncUnit> <Opcode : 'icmp'> <InPorts = 2> <OutPorts = 1>
ST_2 : Operation 18 [1/1] (0.00ns)   --->   "br i1 %icmp_ln5, label %loop, label %2" [kernel8.cpp:5]   --->   Operation 18 'br' <Predicate = true> <Delay = 0.00>
ST_2 : Operation 19 [1/1] (1.76ns)   --->   "%add_ln7 = add i31 %i_0, -6" [kernel8.cpp:7]   --->   Operation 19 'add' 'add_ln7' <Predicate = (icmp_ln5)> <Delay = 1.76> <Core = "AddSub">   --->   Core 14 'AddSub' <Latency = 0> <II = 1> <Delay = 1.78> <FuncUnit> <Opcode : 'add' 'sub'> <InPorts = 2> <OutPorts = 1>
ST_2 : Operation 20 [1/1] (0.00ns)   --->   "%zext_ln7_1 = zext i31 %add_ln7 to i32" [kernel8.cpp:7]   --->   Operation 20 'zext' 'zext_ln7_1' <Predicate = (icmp_ln5)> <Delay = 0.00>
ST_2 : Operation 21 [1/1] (1.78ns)   --->   "%add_ln7_1 = add i32 %zext_ln7_1, %offset_read" [kernel8.cpp:7]   --->   Operation 21 'add' 'add_ln7_1' <Predicate = (icmp_ln5)> <Delay = 1.78> <Core = "AddSub">   --->   Core 14 'AddSub' <Latency = 0> <II = 1> <Delay = 1.78> <FuncUnit> <Opcode : 'add' 'sub'> <InPorts = 2> <OutPorts = 1>
ST_2 : Operation 22 [1/1] (0.00ns)   --->   "%sext_ln7 = sext i32 %add_ln7_1 to i64" [kernel8.cpp:7]   --->   Operation 22 'sext' 'sext_ln7' <Predicate = (icmp_ln5)> <Delay = 0.00>
ST_2 : Operation 23 [1/1] (0.00ns)   --->   "%array_addr = getelementptr [1024 x i32]* %array_r, i64 0, i64 %sext_ln7" [kernel8.cpp:7]   --->   Operation 23 'getelementptr' 'array_addr' <Predicate = (icmp_ln5)> <Delay = 0.00>
ST_2 : Operation 24 [2/2] (2.66ns)   --->   "%array_load = load i32* %array_addr, align 4" [kernel8.cpp:7]   --->   Operation 24 'load' 'array_load' <Predicate = (icmp_ln5)> <Delay = 2.66> <Core = "RAM">   --->   Core 37 'RAM' <Latency = 1> <II = 1> <Delay = 2.66> <Storage> <Opcode : 'load' 'store'> <Ports = 2> <Width = 32> <Depth = 1024> <RAM>

State 3 <SV = 2> <Delay = 2.66>
ST_3 : Operation 25 [1/2] (2.66ns)   --->   "%array_load = load i32* %array_addr, align 4" [kernel8.cpp:7]   --->   Operation 25 'load' 'array_load' <Predicate = true> <Delay = 2.66> <Core = "RAM">   --->   Core 37 'RAM' <Latency = 1> <II = 1> <Delay = 2.66> <Storage> <Opcode : 'load' 'store'> <Ports = 2> <Width = 32> <Depth = 1024> <RAM>

State 4 <SV = 3> <Delay = 6.58>
ST_4 : Operation 26 [1/1] (6.58ns)   --->   "%mul_ln7 = mul nsw i32 %array_load, %multiplier_read" [kernel8.cpp:7]   --->   Operation 26 'mul' 'mul_ln7' <Predicate = true> <Delay = 6.58> <Core = "Mul">   --->   Core 16 'Mul' <Latency = 0> <II = 1> <Delay = 6.58> <FuncUnit> <Opcode : 'mul'> <InPorts = 2> <OutPorts = 1>

State 5 <SV = 4> <Delay = 2.66>
ST_5 : Operation 27 [1/1] (0.00ns)   --->   "call void (...)* @_ssdm_op_SpecLoopName([5 x i8]* @p_str) nounwind" [kernel8.cpp:6]   --->   Operation 27 'specloopname' <Predicate = true> <Delay = 0.00>
ST_5 : Operation 28 [1/1] (0.00ns)   --->   "%tmp = call i32 (...)* @_ssdm_op_SpecRegionBegin([5 x i8]* @p_str) nounwind" [kernel8.cpp:6]   --->   Operation 28 'specregionbegin' 'tmp' <Predicate = true> <Delay = 0.00>
ST_5 : Operation 29 [1/1] (0.00ns)   --->   "call void (...)* @_ssdm_op_SpecPipeline(i32 -1, i32 1, i32 1, i32 0, [1 x i8]* @p_str1) nounwind" [kernel8.cpp:7]   --->   Operation 29 'specpipeline' <Predicate = true> <Delay = 0.00>
ST_5 : Operation 30 [1/1] (0.00ns)   --->   "%zext_ln7 = zext i31 %i_0 to i64" [kernel8.cpp:7]   --->   Operation 30 'zext' 'zext_ln7' <Predicate = true> <Delay = 0.00>
ST_5 : Operation 31 [1/1] (0.00ns)   --->   "%array_addr_1 = getelementptr [1024 x i32]* %array_r, i64 0, i64 %zext_ln7" [kernel8.cpp:7]   --->   Operation 31 'getelementptr' 'array_addr_1' <Predicate = true> <Delay = 0.00>
ST_5 : Operation 32 [1/1] (2.66ns)   --->   "store i32 %mul_ln7, i32* %array_addr_1, align 4" [kernel8.cpp:7]   --->   Operation 32 'store' <Predicate = true> <Delay = 2.66> <Core = "RAM">   --->   Core 37 'RAM' <Latency = 1> <II = 1> <Delay = 2.66> <Storage> <Opcode : 'load' 'store'> <Ports = 2> <Width = 32> <Depth = 1024> <RAM>
ST_5 : Operation 33 [1/1] (0.00ns)   --->   "%empty = call i32 (...)* @_ssdm_op_SpecRegionEnd([5 x i8]* @p_str, i32 %tmp) nounwind" [kernel8.cpp:8]   --->   Operation 33 'specregionend' 'empty' <Predicate = true> <Delay = 0.00>
ST_5 : Operation 34 [1/1] (1.76ns)   --->   "%i = add i31 %i_0, 1" [kernel8.cpp:5]   --->   Operation 34 'add' 'i' <Predicate = true> <Delay = 1.76> <Core = "AddSub">   --->   Core 14 'AddSub' <Latency = 0> <II = 1> <Delay = 1.78> <FuncUnit> <Opcode : 'add' 'sub'> <InPorts = 2> <OutPorts = 1>
ST_5 : Operation 35 [1/1] (0.00ns)   --->   "br label %1" [kernel8.cpp:5]   --->   Operation 35 'br' <Predicate = true> <Delay = 0.00>

State 6 <SV = 2> <Delay = 0.00>
ST_6 : Operation 36 [1/1] (0.00ns)   --->   "ret void" [kernel8.cpp:9]   --->   Operation 36 'ret' <Predicate = true> <Delay = 0.00>


============================================================
+ Verbose Summary: Timing violations
============================================================
Target clock period: 10ns, clock uncertainty: 1.25ns.

 <State 1>: 1.78ns
The critical path consists of the following:
	wire read on port 'offset' (kernel8.cpp:3) [8]  (0 ns)
	'sub' operation ('sub_ln5', kernel8.cpp:5) [10]  (1.78 ns)

 <State 2>: 6.22ns
The critical path consists of the following:
	'phi' operation ('i') with incoming values : ('i', kernel8.cpp:5) [13]  (0 ns)
	'add' operation ('add_ln7', kernel8.cpp:7) [21]  (1.77 ns)
	'add' operation ('add_ln7_1', kernel8.cpp:7) [23]  (1.78 ns)
	'getelementptr' operation ('array_addr', kernel8.cpp:7) [25]  (0 ns)
	'load' operation ('array_load', kernel8.cpp:7) on array 'array_r' [26]  (2.66 ns)

 <State 3>: 2.66ns
The critical path consists of the following:
	'load' operation ('array_load', kernel8.cpp:7) on array 'array_r' [26]  (2.66 ns)

 <State 4>: 6.58ns
The critical path consists of the following:
	'mul' operation ('mul_ln7', kernel8.cpp:7) [27]  (6.58 ns)

 <State 5>: 2.66ns
The critical path consists of the following:
	'getelementptr' operation ('array_addr_1', kernel8.cpp:7) [29]  (0 ns)
	'store' operation ('store_ln7', kernel8.cpp:7) of variable 'mul_ln7', kernel8.cpp:7 on array 'array_r' [30]  (2.66 ns)

 <State 6>: 0ns
The critical path consists of the following:


============================================================
+ Verbose Summary: Binding
============================================================
N/A
* FSMD analyzer results:
  - Output states:
 - Input state : 
  - Chain level:
	State 1
	State 2
	State 3
	State 4
	State 5
	State 6


============================================================
+ Verbose Summary: Datapath Resource usage 
============================================================
N/A
