

================================================================
== Vivado HLS Report for 'kernel5'
================================================================
* Date:           Sat May  8 17:44:18 2021

* Version:        2019.2 (Build 2704478 on Wed Nov 06 22:10:23 MST 2019)
* Project:        prj_kernel5
* Solution:       test
* Product family: kintex7
* Target device:  xc7k160t-fbg484-1


================================================================
== Performance Estimates
================================================================
+ Timing: 
    * Summary: 
    +--------+----------+----------+------------+
    |  Clock |  Target  | Estimated| Uncertainty|
    +--------+----------+----------+------------+
    |ap_clk  | 10.00 ns | 7.717 ns |   1.25 ns  |
    +--------+----------+----------+------------+

+ Latency: 
    * Summary: 
    +---------+---------+----------+-----------+-----+------+---------+
    |  Latency (cycles) |  Latency (absolute)  |  Interval  | Pipeline|
    |   min   |   max   |    min   |    max    | min |  max |   Type  |
    +---------+---------+----------+-----------+-----+------+---------+
    |       17|     8201| 0.170 us | 82.010 us |   17|  8201|   none  |
    +---------+---------+----------+-----------+-----+------+---------+

    + Detail: 
        * Instance: 
        N/A

        * Loop: 
        +----------+---------+---------+----------+-----------+-----------+----------+----------+
        |          |  Latency (cycles) | Iteration|  Initiation Interval  |   Trip   |          |
        | Loop Name|   min   |   max   |  Latency |  achieved |   target  |   Count  | Pipelined|
        +----------+---------+---------+----------+-----------+-----------+----------+----------+
        |- loop    |       15|     8199|         8|          8|          1| 1 ~ 1024 |    yes   |
        +----------+---------+---------+----------+-----------+-----------+----------+----------+

============================================================
+ Verbose Summary: Synthesis Manager
============================================================
InlineROM: 1
ExposeGlobal: 0
============================================================
+ Verbose Summary: CDFG Model
============================================================
IsTopModel: 1
ResetActiveHigh: 1
IsCombinational: 0
IsDatapathOnly: 0
HasWiredReturn: 1
HasMFsm: 0
HasVarLatency: 1
IsPipeline: 0
IsRtlPipelined: 0
IsInstanceOverlapped: 0
IsDontTouch: 0
HasImplIP: 0
IsGatedGlobalClock: 0

+ Individual pipeline summary: 
  * Pipeline-0: initiation interval (II) = 8, depth = 8


============================================================
+ Verbose Summary: Schedule
============================================================
* Number of FSM states : 10
* Pipeline : 1
  Pipeline-0 : II = 8, D = 8, States = { 2 3 4 5 6 7 8 9 }
* Dataflow Pipeline: 0

* FSM state transitions: 
1 --> 2 
2 --> 3 
3 --> 4 
4 --> 5 
5 --> 6 
6 --> 7 
7 --> 8 
8 --> 9 
9 --> 10 2 
10 --> 

* FSM state operations: 

State 1 <SV = 0> <Delay = 1.51>
ST_1 : Operation 11 [1/1] (0.00ns)   --->   "call void (...)* @_ssdm_op_SpecBitsMap(float %bound) nounwind, !map !7"   --->   Operation 11 'specbitsmap' <Predicate = true> <Delay = 0.00>
ST_1 : Operation 12 [1/1] (0.00ns)   --->   "call void (...)* @_ssdm_op_SpecBitsMap([1024 x float]* %a) nounwind, !map !13"   --->   Operation 12 'specbitsmap' <Predicate = true> <Delay = 0.00>
ST_1 : Operation 13 [1/1] (0.00ns)   --->   "call void (...)* @_ssdm_op_SpecBitsMap([1024 x float]* %b) nounwind, !map !19"   --->   Operation 13 'specbitsmap' <Predicate = true> <Delay = 0.00>
ST_1 : Operation 14 [1/1] (0.00ns)   --->   "call void (...)* @_ssdm_op_SpecBitsMap(float 0.000000e+00) nounwind, !map !23"   --->   Operation 14 'specbitsmap' <Predicate = true> <Delay = 0.00>
ST_1 : Operation 15 [1/1] (0.00ns)   --->   "call void (...)* @_ssdm_op_SpecTopModule([8 x i8]* @kernel5_str) nounwind"   --->   Operation 15 'spectopmodule' <Predicate = true> <Delay = 0.00>
ST_1 : Operation 16 [1/1] (0.00ns)   --->   "%bound_read = call float @_ssdm_op_Read.ap_auto.float(float %bound) nounwind" [kernel5.cpp:3]   --->   Operation 16 'read' 'bound_read' <Predicate = true> <Delay = 0.00>
ST_1 : Operation 17 [1/1] (0.00ns)   --->   "%bitcast_ln42_1 = bitcast float %bound_read to i32" [kernel5.cpp:42]   --->   Operation 17 'bitcast' 'bitcast_ln42_1' <Predicate = true> <Delay = 0.00>
ST_1 : Operation 18 [1/1] (0.00ns)   --->   "%trunc_ln42 = trunc i32 %bitcast_ln42_1 to i23" [kernel5.cpp:42]   --->   Operation 18 'trunc' 'trunc_ln42' <Predicate = true> <Delay = 0.00>
ST_1 : Operation 19 [1/1] (1.51ns)   --->   "%icmp_ln42_3 = icmp eq i23 %trunc_ln42, 0" [kernel5.cpp:42]   --->   Operation 19 'icmp' 'icmp_ln42_3' <Predicate = true> <Delay = 1.51> <Core = "Cmp">   --->   Core 25 'Cmp' <Latency = 0> <II = 1> <Delay = 1.51> <FuncUnit> <Opcode : 'icmp'> <InPorts = 2> <OutPorts = 1>
ST_1 : Operation 20 [1/1] (1.06ns)   --->   "br label %1" [kernel5.cpp:38]   --->   Operation 20 'br' <Predicate = true> <Delay = 1.06>

State 2 <SV = 1> <Delay = 2.66>
ST_2 : Operation 21 [1/1] (0.00ns)   --->   "%i_0 = phi i11 [ 0, %0 ], [ %i, %loop_end ]"   --->   Operation 21 'phi' 'i_0' <Predicate = true> <Delay = 0.00>
ST_2 : Operation 22 [1/1] (1.32ns)   --->   "%icmp_ln38 = icmp eq i11 %i_0, -1024" [kernel5.cpp:38]   --->   Operation 22 'icmp' 'icmp_ln38' <Predicate = true> <Delay = 1.32> <Core = "Cmp">   --->   Core 25 'Cmp' <Latency = 0> <II = 1> <Delay = 1.51> <FuncUnit> <Opcode : 'icmp'> <InPorts = 2> <OutPorts = 1>
ST_2 : Operation 23 [1/1] (0.00ns)   --->   "%empty = call i32 (...)* @_ssdm_op_SpecLoopTripCount(i64 1, i64 1024, i64 512) nounwind"   --->   Operation 23 'speclooptripcount' 'empty' <Predicate = true> <Delay = 0.00>
ST_2 : Operation 24 [1/1] (1.42ns)   --->   "%i = add i11 %i_0, 1" [kernel5.cpp:38]   --->   Operation 24 'add' 'i' <Predicate = true> <Delay = 1.42> <Core = "AddSub">   --->   Core 14 'AddSub' <Latency = 0> <II = 1> <Delay = 1.42> <FuncUnit> <Opcode : 'add' 'sub'> <InPorts = 2> <OutPorts = 1>
ST_2 : Operation 25 [1/1] (0.00ns)   --->   "br i1 %icmp_ln38, label %.loopexit, label %loop_begin" [kernel5.cpp:38]   --->   Operation 25 'br' <Predicate = true> <Delay = 0.00>
ST_2 : Operation 26 [1/1] (0.00ns)   --->   "%zext_ln40 = zext i11 %i_0 to i64" [kernel5.cpp:40]   --->   Operation 26 'zext' 'zext_ln40' <Predicate = (!icmp_ln38)> <Delay = 0.00>
ST_2 : Operation 27 [1/1] (0.00ns)   --->   "%a_addr = getelementptr [1024 x float]* %a, i64 0, i64 %zext_ln40" [kernel5.cpp:40]   --->   Operation 27 'getelementptr' 'a_addr' <Predicate = (!icmp_ln38)> <Delay = 0.00>
ST_2 : Operation 28 [2/2] (2.66ns)   --->   "%a_load = load float* %a_addr, align 4" [kernel5.cpp:40]   --->   Operation 28 'load' 'a_load' <Predicate = (!icmp_ln38)> <Delay = 2.66> <Core = "RAM">   --->   Core 37 'RAM' <Latency = 1> <II = 1> <Delay = 2.66> <Storage> <Opcode : 'load' 'store'> <Ports = 2> <Width = 32> <Depth = 1024> <RAM>
ST_2 : Operation 29 [1/1] (0.00ns)   --->   "%b_addr = getelementptr [1024 x float]* %b, i64 0, i64 %zext_ln40" [kernel5.cpp:40]   --->   Operation 29 'getelementptr' 'b_addr' <Predicate = (!icmp_ln38)> <Delay = 0.00>
ST_2 : Operation 30 [2/2] (2.66ns)   --->   "%b_load = load float* %b_addr, align 4" [kernel5.cpp:40]   --->   Operation 30 'load' 'b_load' <Predicate = (!icmp_ln38)> <Delay = 2.66> <Core = "RAM">   --->   Core 37 'RAM' <Latency = 1> <II = 1> <Delay = 2.66> <Storage> <Opcode : 'load' 'store'> <Ports = 2> <Width = 32> <Depth = 1024> <RAM>
ST_2 : Operation 31 [1/1] (0.00ns)   --->   "%tmp_2 = call i8 @_ssdm_op_PartSelect.i8.i32.i32.i32(i32 %bitcast_ln42_1, i32 23, i32 30)" [kernel5.cpp:42]   --->   Operation 31 'partselect' 'tmp_2' <Predicate = (!icmp_ln38)> <Delay = 0.00>
ST_2 : Operation 32 [1/1] (1.22ns)   --->   "%icmp_ln42_2 = icmp ne i8 %tmp_2, -1" [kernel5.cpp:42]   --->   Operation 32 'icmp' 'icmp_ln42_2' <Predicate = (!icmp_ln38)> <Delay = 1.22> <Core = "Cmp">   --->   Core 25 'Cmp' <Latency = 0> <II = 1> <Delay = 1.51> <FuncUnit> <Opcode : 'icmp'> <InPorts = 2> <OutPorts = 1>

State 3 <SV = 2> <Delay = 2.66>
ST_3 : Operation 33 [1/2] (2.66ns)   --->   "%a_load = load float* %a_addr, align 4" [kernel5.cpp:40]   --->   Operation 33 'load' 'a_load' <Predicate = (!icmp_ln38)> <Delay = 2.66> <Core = "RAM">   --->   Core 37 'RAM' <Latency = 1> <II = 1> <Delay = 2.66> <Storage> <Opcode : 'load' 'store'> <Ports = 2> <Width = 32> <Depth = 1024> <RAM>
ST_3 : Operation 34 [1/2] (2.66ns)   --->   "%b_load = load float* %b_addr, align 4" [kernel5.cpp:40]   --->   Operation 34 'load' 'b_load' <Predicate = (!icmp_ln38)> <Delay = 2.66> <Core = "RAM">   --->   Core 37 'RAM' <Latency = 1> <II = 1> <Delay = 2.66> <Storage> <Opcode : 'load' 'store'> <Ports = 2> <Width = 32> <Depth = 1024> <RAM>

State 4 <SV = 3> <Delay = 7.71>
ST_4 : Operation 35 [4/4] (7.71ns)   --->   "%ans = fadd float %a_load, %b_load" [kernel5.cpp:40]   --->   Operation 35 'fadd' 'ans' <Predicate = (!icmp_ln38)> <Delay = 7.71> <Core = "FAddSub">   --->   Core 105 'FAddSub' <Latency = 3> <II = 1> <Delay = 7.71> <FuncUnit> <Opcode : 'fadd' 'fsub'> <InPorts = 2> <OutPorts = 1>

State 5 <SV = 4> <Delay = 7.71>
ST_5 : Operation 36 [3/4] (7.71ns)   --->   "%ans = fadd float %a_load, %b_load" [kernel5.cpp:40]   --->   Operation 36 'fadd' 'ans' <Predicate = (!icmp_ln38)> <Delay = 7.71> <Core = "FAddSub">   --->   Core 105 'FAddSub' <Latency = 3> <II = 1> <Delay = 7.71> <FuncUnit> <Opcode : 'fadd' 'fsub'> <InPorts = 2> <OutPorts = 1>

State 6 <SV = 5> <Delay = 7.71>
ST_6 : Operation 37 [2/4] (7.71ns)   --->   "%ans = fadd float %a_load, %b_load" [kernel5.cpp:40]   --->   Operation 37 'fadd' 'ans' <Predicate = (!icmp_ln38)> <Delay = 7.71> <Core = "FAddSub">   --->   Core 105 'FAddSub' <Latency = 3> <II = 1> <Delay = 7.71> <FuncUnit> <Opcode : 'fadd' 'fsub'> <InPorts = 2> <OutPorts = 1>

State 7 <SV = 6> <Delay = 7.71>
ST_7 : Operation 38 [1/4] (7.71ns)   --->   "%ans = fadd float %a_load, %b_load" [kernel5.cpp:40]   --->   Operation 38 'fadd' 'ans' <Predicate = (!icmp_ln38)> <Delay = 7.71> <Core = "FAddSub">   --->   Core 105 'FAddSub' <Latency = 3> <II = 1> <Delay = 7.71> <FuncUnit> <Opcode : 'fadd' 'fsub'> <InPorts = 2> <OutPorts = 1>

State 8 <SV = 7> <Delay = 3.34>
ST_8 : Operation 39 [2/2] (3.34ns)   --->   "%tmp_3 = fcmp oge float %ans, %bound_read" [kernel5.cpp:42]   --->   Operation 39 'fcmp' 'tmp_3' <Predicate = (!icmp_ln38)> <Delay = 3.34> <Core = "FCmp">   --->   Core 111 'FCmp' <Latency = 1> <II = 1> <Delay = 3.34> <FuncUnit> <Opcode : 'fcmp'> <InPorts = 2> <OutPorts = 1>

State 9 <SV = 8> <Delay = 3.96>
ST_9 : Operation 40 [1/1] (0.00ns)   --->   "call void (...)* @_ssdm_op_SpecLoopName([5 x i8]* @p_str) nounwind" [kernel5.cpp:39]   --->   Operation 40 'specloopname' <Predicate = (!icmp_ln38)> <Delay = 0.00>
ST_9 : Operation 41 [1/1] (0.00ns)   --->   "%tmp_1 = call i32 (...)* @_ssdm_op_SpecRegionBegin([5 x i8]* @p_str) nounwind" [kernel5.cpp:39]   --->   Operation 41 'specregionbegin' 'tmp_1' <Predicate = (!icmp_ln38)> <Delay = 0.00>
ST_9 : Operation 42 [1/1] (0.00ns)   --->   "call void (...)* @_ssdm_op_SpecPipeline(i32 -1, i32 1, i32 1, i32 0, [1 x i8]* @p_str1) nounwind" [kernel5.cpp:40]   --->   Operation 42 'specpipeline' <Predicate = (!icmp_ln38)> <Delay = 0.00>
ST_9 : Operation 43 [1/1] (0.00ns)   --->   "%bitcast_ln42 = bitcast float %ans to i32" [kernel5.cpp:42]   --->   Operation 43 'bitcast' 'bitcast_ln42' <Predicate = (!icmp_ln38)> <Delay = 0.00>
ST_9 : Operation 44 [1/1] (0.00ns)   --->   "%tmp = call i8 @_ssdm_op_PartSelect.i8.i32.i32.i32(i32 %bitcast_ln42, i32 23, i32 30)" [kernel5.cpp:42]   --->   Operation 44 'partselect' 'tmp' <Predicate = (!icmp_ln38)> <Delay = 0.00>
ST_9 : Operation 45 [1/1] (0.00ns)   --->   "%trunc_ln42_1 = trunc i32 %bitcast_ln42 to i23" [kernel5.cpp:42]   --->   Operation 45 'trunc' 'trunc_ln42_1' <Predicate = (!icmp_ln38)> <Delay = 0.00>
ST_9 : Operation 46 [1/1] (1.22ns)   --->   "%icmp_ln42 = icmp ne i8 %tmp, -1" [kernel5.cpp:42]   --->   Operation 46 'icmp' 'icmp_ln42' <Predicate = (!icmp_ln38)> <Delay = 1.22> <Core = "Cmp">   --->   Core 25 'Cmp' <Latency = 0> <II = 1> <Delay = 1.51> <FuncUnit> <Opcode : 'icmp'> <InPorts = 2> <OutPorts = 1>
ST_9 : Operation 47 [1/1] (1.51ns)   --->   "%icmp_ln42_1 = icmp eq i23 %trunc_ln42_1, 0" [kernel5.cpp:42]   --->   Operation 47 'icmp' 'icmp_ln42_1' <Predicate = (!icmp_ln38)> <Delay = 1.51> <Core = "Cmp">   --->   Core 25 'Cmp' <Latency = 0> <II = 1> <Delay = 1.51> <FuncUnit> <Opcode : 'icmp'> <InPorts = 2> <OutPorts = 1>
ST_9 : Operation 48 [1/1] (0.00ns) (grouped into LUT with out node and_ln42_1)   --->   "%or_ln42 = or i1 %icmp_ln42_1, %icmp_ln42" [kernel5.cpp:42]   --->   Operation 48 'or' 'or_ln42' <Predicate = (!icmp_ln38)> <Delay = 0.00> <Core = "LogicGate">   --->   Core 27 'LogicGate' <Latency = 0> <II = 1> <Delay = 0.61> <FuncUnit> <Opcode : 'and' 'or' 'xor'> <InPorts = 2> <OutPorts = 1>
ST_9 : Operation 49 [1/1] (0.00ns) (grouped into LUT with out node and_ln42_1)   --->   "%or_ln42_1 = or i1 %icmp_ln42_3, %icmp_ln42_2" [kernel5.cpp:42]   --->   Operation 49 'or' 'or_ln42_1' <Predicate = (!icmp_ln38)> <Delay = 0.00> <Core = "LogicGate">   --->   Core 27 'LogicGate' <Latency = 0> <II = 1> <Delay = 0.61> <FuncUnit> <Opcode : 'and' 'or' 'xor'> <InPorts = 2> <OutPorts = 1>
ST_9 : Operation 50 [1/1] (0.00ns) (grouped into LUT with out node and_ln42_1)   --->   "%and_ln42 = and i1 %or_ln42, %or_ln42_1" [kernel5.cpp:42]   --->   Operation 50 'and' 'and_ln42' <Predicate = (!icmp_ln38)> <Delay = 0.00> <Core = "LogicGate">   --->   Core 27 'LogicGate' <Latency = 0> <II = 1> <Delay = 0.61> <FuncUnit> <Opcode : 'and' 'or' 'xor'> <InPorts = 2> <OutPorts = 1>
ST_9 : Operation 51 [1/2] (3.34ns)   --->   "%tmp_3 = fcmp oge float %ans, %bound_read" [kernel5.cpp:42]   --->   Operation 51 'fcmp' 'tmp_3' <Predicate = (!icmp_ln38)> <Delay = 3.34> <Core = "FCmp">   --->   Core 111 'FCmp' <Latency = 1> <II = 1> <Delay = 3.34> <FuncUnit> <Opcode : 'fcmp'> <InPorts = 2> <OutPorts = 1>
ST_9 : Operation 52 [1/1] (0.61ns) (out node of the LUT)   --->   "%and_ln42_1 = and i1 %and_ln42, %tmp_3" [kernel5.cpp:42]   --->   Operation 52 'and' 'and_ln42_1' <Predicate = (!icmp_ln38)> <Delay = 0.61> <Core = "LogicGate">   --->   Core 27 'LogicGate' <Latency = 0> <II = 1> <Delay = 0.61> <FuncUnit> <Opcode : 'and' 'or' 'xor'> <InPorts = 2> <OutPorts = 1>
ST_9 : Operation 53 [1/1] (0.00ns)   --->   "br i1 %and_ln42_1, label %.loopexit, label %loop_end" [kernel5.cpp:42]   --->   Operation 53 'br' <Predicate = (!icmp_ln38)> <Delay = 0.00>
ST_9 : Operation 54 [1/1] (0.00ns)   --->   "%empty_4 = call i32 (...)* @_ssdm_op_SpecRegionEnd([5 x i8]* @p_str, i32 %tmp_1) nounwind" [kernel5.cpp:47]   --->   Operation 54 'specregionend' 'empty_4' <Predicate = (!icmp_ln38 & !and_ln42_1)> <Delay = 0.00>
ST_9 : Operation 55 [1/1] (0.00ns)   --->   "br label %1" [kernel5.cpp:38]   --->   Operation 55 'br' <Predicate = (!icmp_ln38 & !and_ln42_1)> <Delay = 0.00>

State 10 <SV = 9> <Delay = 0.00>
ST_10 : Operation 56 [1/1] (0.00ns)   --->   "%ans_01 = phi float [ undef, %1 ], [ %ans, %loop_begin ]"   --->   Operation 56 'phi' 'ans_01' <Predicate = true> <Delay = 0.00>
ST_10 : Operation 57 [1/1] (0.00ns)   --->   "ret float %ans_01" [kernel5.cpp:48]   --->   Operation 57 'ret' <Predicate = true> <Delay = 0.00>


============================================================
+ Verbose Summary: Timing violations
============================================================
Target clock period: 10ns, clock uncertainty: 1.25ns.

 <State 1>: 1.52ns
The critical path consists of the following:
	wire read on port 'bound' (kernel5.cpp:3) [9]  (0 ns)
	'icmp' operation ('icmp_ln42_3', kernel5.cpp:42) [12]  (1.52 ns)

 <State 2>: 2.66ns
The critical path consists of the following:
	'phi' operation ('i') with incoming values : ('i', kernel5.cpp:38) [15]  (0 ns)
	'getelementptr' operation ('a_addr', kernel5.cpp:40) [25]  (0 ns)
	'load' operation ('a_load', kernel5.cpp:40) on array 'a' [26]  (2.66 ns)

 <State 3>: 2.66ns
The critical path consists of the following:
	'load' operation ('a_load', kernel5.cpp:40) on array 'a' [26]  (2.66 ns)

 <State 4>: 7.72ns
The critical path consists of the following:
	'fadd' operation ('ans', kernel5.cpp:40) [29]  (7.72 ns)

 <State 5>: 7.72ns
The critical path consists of the following:
	'fadd' operation ('ans', kernel5.cpp:40) [29]  (7.72 ns)

 <State 6>: 7.72ns
The critical path consists of the following:
	'fadd' operation ('ans', kernel5.cpp:40) [29]  (7.72 ns)

 <State 7>: 7.72ns
The critical path consists of the following:
	'fadd' operation ('ans', kernel5.cpp:40) [29]  (7.72 ns)

 <State 8>: 3.35ns
The critical path consists of the following:
	'fcmp' operation ('tmp_3', kernel5.cpp:42) [40]  (3.35 ns)

 <State 9>: 3.96ns
The critical path consists of the following:
	'fcmp' operation ('tmp_3', kernel5.cpp:42) [40]  (3.35 ns)
	'and' operation ('and_ln42_1', kernel5.cpp:42) [41]  (0.616 ns)

 <State 10>: 0ns
The critical path consists of the following:


============================================================
+ Verbose Summary: Binding
============================================================
N/A
* FSMD analyzer results:
  - Output states:
 - Input state : 
  - Chain level:
	State 1
	State 2
	State 3
	State 4
	State 5
	State 6
	State 7
	State 8
	State 9
	State 10


============================================================
+ Verbose Summary: Datapath Resource usage 
============================================================
N/A
