

================================================================
== Vivado HLS Report for 'kernel5'
================================================================
* Date:           Sat May  8 03:55:36 2021

* Version:        2019.2 (Build 2704478 on Wed Nov 06 22:10:23 MST 2019)
* Project:        prj_kernel5
* Solution:       split
* Product family: kintex7
* Target device:  xc7k160t-fbg484-1


================================================================
== Performance Estimates
================================================================
+ Timing: 
    * Summary: 
    +--------+----------+----------+------------+
    |  Clock |  Target  | Estimated| Uncertainty|
    +--------+----------+----------+------------+
    |ap_clk  | 10.00 ns | 7.717 ns |   1.25 ns  |
    +--------+----------+----------+------------+

+ Latency: 
    * Summary: 
    +---------+---------+----------+----------+-----+-----+---------+
    |  Latency (cycles) |  Latency (absolute) |  Interval | Pipeline|
    |   min   |   max   |    min   |    max   | min | max |   Type  |
    +---------+---------+----------+----------+-----+-----+---------+
    |        ?|        ?|         ?|         ?|    ?|    ?|   none  |
    +---------+---------+----------+----------+-----+-----+---------+

    + Detail: 
        * Instance: 
        N/A

        * Loop: 
        +----------+---------+---------+----------+-----------+-----------+------+----------+
        |          |  Latency (cycles) | Iteration|  Initiation Interval  | Trip |          |
        | Loop Name|   min   |   max   |  Latency |  achieved |   target  | Count| Pipelined|
        +----------+---------+---------+----------+-----------+-----------+------+----------+
        |- loop1   |     1029|     1029|         7|          1|          1|  1024|    yes   |
        |- loop2   |        ?|        ?|         3|          2|          1|     ?|    yes   |
        +----------+---------+---------+----------+-----------+-----------+------+----------+

============================================================
+ Verbose Summary: Synthesis Manager
============================================================
InlineROM: 1
ExposeGlobal: 0
============================================================
+ Verbose Summary: CDFG Model
============================================================
IsTopModel: 1
ResetActiveHigh: 1
IsCombinational: 0
IsDatapathOnly: 0
HasWiredReturn: 1
HasMFsm: 0
HasVarLatency: 1
IsPipeline: 0
IsRtlPipelined: 0
IsInstanceOverlapped: 0
IsDontTouch: 0
HasImplIP: 0
IsGatedGlobalClock: 0

+ Individual pipeline summary: 
  * Pipeline-0: initiation interval (II) = 1, depth = 7
  * Pipeline-1: initiation interval (II) = 2, depth = 3


============================================================
+ Verbose Summary: Schedule
============================================================
* Number of FSM states : 13
* Pipeline : 2
  Pipeline-0 : II = 1, D = 7, States = { 2 3 4 5 6 7 8 }
  Pipeline-1 : II = 2, D = 3, States = { 10 11 12 }
* Dataflow Pipeline: 0

* FSM state transitions: 
1 --> 2 
2 --> 9 3 
3 --> 4 
4 --> 5 
5 --> 6 
6 --> 7 
7 --> 8 
8 --> 2 
9 --> 10 
10 --> 11 
11 --> 13 12 
12 --> 10 
13 --> 

* FSM state operations: 

State 1 <SV = 0> <Delay = 1.06>
ST_1 : Operation 14 [1/1] (0.00ns)   --->   "call void (...)* @_ssdm_op_SpecBitsMap(float %bound) nounwind, !map !7"   --->   Operation 14 'specbitsmap' <Predicate = true> <Delay = 0.00>
ST_1 : Operation 15 [1/1] (0.00ns)   --->   "call void (...)* @_ssdm_op_SpecBitsMap([1024 x float]* %a) nounwind, !map !13"   --->   Operation 15 'specbitsmap' <Predicate = true> <Delay = 0.00>
ST_1 : Operation 16 [1/1] (0.00ns)   --->   "call void (...)* @_ssdm_op_SpecBitsMap([1024 x float]* %b) nounwind, !map !19"   --->   Operation 16 'specbitsmap' <Predicate = true> <Delay = 0.00>
ST_1 : Operation 17 [1/1] (0.00ns)   --->   "call void (...)* @_ssdm_op_SpecBitsMap(float 0.000000e+00) nounwind, !map !23"   --->   Operation 17 'specbitsmap' <Predicate = true> <Delay = 0.00>
ST_1 : Operation 18 [1/1] (0.00ns)   --->   "call void (...)* @_ssdm_op_SpecTopModule([8 x i8]* @kernel5_str) nounwind"   --->   Operation 18 'spectopmodule' <Predicate = true> <Delay = 0.00>
ST_1 : Operation 19 [1/1] (0.00ns)   --->   "%bound_read = call float @_ssdm_op_Read.ap_auto.float(float %bound) nounwind"   --->   Operation 19 'read' 'bound_read' <Predicate = true> <Delay = 0.00>
ST_1 : Operation 20 [1/1] (0.00ns)   --->   "%tmp = alloca [1024 x float], align 16" [kernel5.cpp:7]   --->   Operation 20 'alloca' 'tmp' <Predicate = true> <Delay = 0.00> <Core = "RAM">   --->   Core 37 'RAM' <Latency = 1> <II = 1> <Delay = 2.66> <Storage> <Opcode : 'load' 'store'> <Ports = 2> <Width = 32> <Depth = 1024> <RAM>
ST_1 : Operation 21 [1/1] (1.06ns)   --->   "br label %1" [kernel5.cpp:8]   --->   Operation 21 'br' <Predicate = true> <Delay = 1.06>

State 2 <SV = 1> <Delay = 2.66>
ST_2 : Operation 22 [1/1] (0.00ns)   --->   "%i_0 = phi i11 [ 0, %0 ], [ %i, %loop1 ]"   --->   Operation 22 'phi' 'i_0' <Predicate = true> <Delay = 0.00>
ST_2 : Operation 23 [1/1] (1.32ns)   --->   "%icmp_ln8 = icmp eq i11 %i_0, -1024" [kernel5.cpp:8]   --->   Operation 23 'icmp' 'icmp_ln8' <Predicate = true> <Delay = 1.32> <Core = "Cmp">   --->   Core 25 'Cmp' <Latency = 0> <II = 1> <Delay = 1.51> <FuncUnit> <Opcode : 'icmp'> <InPorts = 2> <OutPorts = 1>
ST_2 : Operation 24 [1/1] (0.00ns)   --->   "%empty = call i32 (...)* @_ssdm_op_SpecLoopTripCount(i64 1024, i64 1024, i64 1024) nounwind"   --->   Operation 24 'speclooptripcount' 'empty' <Predicate = true> <Delay = 0.00>
ST_2 : Operation 25 [1/1] (1.42ns)   --->   "%i = add i11 %i_0, 1" [kernel5.cpp:8]   --->   Operation 25 'add' 'i' <Predicate = true> <Delay = 1.42> <Core = "AddSub">   --->   Core 14 'AddSub' <Latency = 0> <II = 1> <Delay = 1.78> <FuncUnit> <Opcode : 'add' 'sub'> <InPorts = 2> <OutPorts = 1>
ST_2 : Operation 26 [1/1] (0.00ns)   --->   "br i1 %icmp_ln8, label %.preheader.preheader, label %loop1" [kernel5.cpp:8]   --->   Operation 26 'br' <Predicate = true> <Delay = 0.00>
ST_2 : Operation 27 [1/1] (0.00ns)   --->   "%zext_ln10 = zext i11 %i_0 to i64" [kernel5.cpp:10]   --->   Operation 27 'zext' 'zext_ln10' <Predicate = (!icmp_ln8)> <Delay = 0.00>
ST_2 : Operation 28 [1/1] (0.00ns)   --->   "%a_addr = getelementptr [1024 x float]* %a, i64 0, i64 %zext_ln10" [kernel5.cpp:10]   --->   Operation 28 'getelementptr' 'a_addr' <Predicate = (!icmp_ln8)> <Delay = 0.00>
ST_2 : Operation 29 [2/2] (2.66ns)   --->   "%a_load = load float* %a_addr, align 4" [kernel5.cpp:10]   --->   Operation 29 'load' 'a_load' <Predicate = (!icmp_ln8)> <Delay = 2.66> <Core = "RAM">   --->   Core 37 'RAM' <Latency = 1> <II = 1> <Delay = 2.66> <Storage> <Opcode : 'load' 'store'> <Ports = 2> <Width = 32> <Depth = 1024> <RAM>
ST_2 : Operation 30 [1/1] (0.00ns)   --->   "%b_addr = getelementptr [1024 x float]* %b, i64 0, i64 %zext_ln10" [kernel5.cpp:10]   --->   Operation 30 'getelementptr' 'b_addr' <Predicate = (!icmp_ln8)> <Delay = 0.00>
ST_2 : Operation 31 [2/2] (2.66ns)   --->   "%b_load = load float* %b_addr, align 4" [kernel5.cpp:10]   --->   Operation 31 'load' 'b_load' <Predicate = (!icmp_ln8)> <Delay = 2.66> <Core = "RAM">   --->   Core 37 'RAM' <Latency = 1> <II = 1> <Delay = 2.66> <Storage> <Opcode : 'load' 'store'> <Ports = 2> <Width = 32> <Depth = 1024> <RAM>

State 3 <SV = 2> <Delay = 2.66>
ST_3 : Operation 32 [1/2] (2.66ns)   --->   "%a_load = load float* %a_addr, align 4" [kernel5.cpp:10]   --->   Operation 32 'load' 'a_load' <Predicate = (!icmp_ln8)> <Delay = 2.66> <Core = "RAM">   --->   Core 37 'RAM' <Latency = 1> <II = 1> <Delay = 2.66> <Storage> <Opcode : 'load' 'store'> <Ports = 2> <Width = 32> <Depth = 1024> <RAM>
ST_3 : Operation 33 [1/2] (2.66ns)   --->   "%b_load = load float* %b_addr, align 4" [kernel5.cpp:10]   --->   Operation 33 'load' 'b_load' <Predicate = (!icmp_ln8)> <Delay = 2.66> <Core = "RAM">   --->   Core 37 'RAM' <Latency = 1> <II = 1> <Delay = 2.66> <Storage> <Opcode : 'load' 'store'> <Ports = 2> <Width = 32> <Depth = 1024> <RAM>

State 4 <SV = 3> <Delay = 7.71>
ST_4 : Operation 34 [4/4] (7.71ns)   --->   "%tmp_1 = fadd float %a_load, %b_load" [kernel5.cpp:10]   --->   Operation 34 'fadd' 'tmp_1' <Predicate = (!icmp_ln8)> <Delay = 7.71> <Core = "FAddSub">   --->   Core 105 'FAddSub' <Latency = 3> <II = 1> <Delay = 7.71> <FuncUnit> <Opcode : 'fadd' 'fsub'> <InPorts = 2> <OutPorts = 1>

State 5 <SV = 4> <Delay = 7.71>
ST_5 : Operation 35 [3/4] (7.71ns)   --->   "%tmp_1 = fadd float %a_load, %b_load" [kernel5.cpp:10]   --->   Operation 35 'fadd' 'tmp_1' <Predicate = (!icmp_ln8)> <Delay = 7.71> <Core = "FAddSub">   --->   Core 105 'FAddSub' <Latency = 3> <II = 1> <Delay = 7.71> <FuncUnit> <Opcode : 'fadd' 'fsub'> <InPorts = 2> <OutPorts = 1>

State 6 <SV = 5> <Delay = 7.71>
ST_6 : Operation 36 [2/4] (7.71ns)   --->   "%tmp_1 = fadd float %a_load, %b_load" [kernel5.cpp:10]   --->   Operation 36 'fadd' 'tmp_1' <Predicate = (!icmp_ln8)> <Delay = 7.71> <Core = "FAddSub">   --->   Core 105 'FAddSub' <Latency = 3> <II = 1> <Delay = 7.71> <FuncUnit> <Opcode : 'fadd' 'fsub'> <InPorts = 2> <OutPorts = 1>

State 7 <SV = 6> <Delay = 7.71>
ST_7 : Operation 37 [1/4] (7.71ns)   --->   "%tmp_1 = fadd float %a_load, %b_load" [kernel5.cpp:10]   --->   Operation 37 'fadd' 'tmp_1' <Predicate = (!icmp_ln8)> <Delay = 7.71> <Core = "FAddSub">   --->   Core 105 'FAddSub' <Latency = 3> <II = 1> <Delay = 7.71> <FuncUnit> <Opcode : 'fadd' 'fsub'> <InPorts = 2> <OutPorts = 1>

State 8 <SV = 7> <Delay = 2.66>
ST_8 : Operation 38 [1/1] (0.00ns)   --->   "call void (...)* @_ssdm_op_SpecLoopName([6 x i8]* @p_str) nounwind" [kernel5.cpp:9]   --->   Operation 38 'specloopname' <Predicate = (!icmp_ln8)> <Delay = 0.00>
ST_8 : Operation 39 [1/1] (0.00ns)   --->   "%tmp_3 = call i32 (...)* @_ssdm_op_SpecRegionBegin([6 x i8]* @p_str) nounwind" [kernel5.cpp:9]   --->   Operation 39 'specregionbegin' 'tmp_3' <Predicate = (!icmp_ln8)> <Delay = 0.00>
ST_8 : Operation 40 [1/1] (0.00ns)   --->   "call void (...)* @_ssdm_op_SpecPipeline(i32 -1, i32 1, i32 1, i32 0, [1 x i8]* @p_str1) nounwind" [kernel5.cpp:10]   --->   Operation 40 'specpipeline' <Predicate = (!icmp_ln8)> <Delay = 0.00>
ST_8 : Operation 41 [1/1] (0.00ns)   --->   "%tmp_addr = getelementptr inbounds [1024 x float]* %tmp, i64 0, i64 %zext_ln10" [kernel5.cpp:10]   --->   Operation 41 'getelementptr' 'tmp_addr' <Predicate = (!icmp_ln8)> <Delay = 0.00>
ST_8 : Operation 42 [1/1] (2.66ns)   --->   "store float %tmp_1, float* %tmp_addr, align 4" [kernel5.cpp:10]   --->   Operation 42 'store' <Predicate = (!icmp_ln8)> <Delay = 2.66> <Core = "RAM">   --->   Core 37 'RAM' <Latency = 1> <II = 1> <Delay = 2.66> <Storage> <Opcode : 'load' 'store'> <Ports = 2> <Width = 32> <Depth = 1024> <RAM>
ST_8 : Operation 43 [1/1] (0.00ns)   --->   "%empty_5 = call i32 (...)* @_ssdm_op_SpecRegionEnd([6 x i8]* @p_str, i32 %tmp_3) nounwind" [kernel5.cpp:11]   --->   Operation 43 'specregionend' 'empty_5' <Predicate = (!icmp_ln8)> <Delay = 0.00>
ST_8 : Operation 44 [1/1] (0.00ns)   --->   "br label %1" [kernel5.cpp:8]   --->   Operation 44 'br' <Predicate = (!icmp_ln8)> <Delay = 0.00>

State 9 <SV = 2> <Delay = 2.13>
ST_9 : Operation 45 [1/1] (0.00ns)   --->   "%bitcast_ln13_1 = bitcast float %bound_read to i32" [kernel5.cpp:13]   --->   Operation 45 'bitcast' 'bitcast_ln13_1' <Predicate = true> <Delay = 0.00>
ST_9 : Operation 46 [1/1] (0.00ns)   --->   "%tmp_5 = call i8 @_ssdm_op_PartSelect.i8.i32.i32.i32(i32 %bitcast_ln13_1, i32 23, i32 30)" [kernel5.cpp:13]   --->   Operation 46 'partselect' 'tmp_5' <Predicate = true> <Delay = 0.00>
ST_9 : Operation 47 [1/1] (0.00ns)   --->   "%trunc_ln13 = trunc i32 %bitcast_ln13_1 to i23" [kernel5.cpp:13]   --->   Operation 47 'trunc' 'trunc_ln13' <Predicate = true> <Delay = 0.00>
ST_9 : Operation 48 [1/1] (1.22ns)   --->   "%icmp_ln13 = icmp ne i8 %tmp_5, -1" [kernel5.cpp:13]   --->   Operation 48 'icmp' 'icmp_ln13' <Predicate = true> <Delay = 1.22> <Core = "Cmp">   --->   Core 25 'Cmp' <Latency = 0> <II = 1> <Delay = 1.51> <FuncUnit> <Opcode : 'icmp'> <InPorts = 2> <OutPorts = 1>
ST_9 : Operation 49 [1/1] (1.51ns)   --->   "%icmp_ln13_3 = icmp eq i23 %trunc_ln13, 0" [kernel5.cpp:13]   --->   Operation 49 'icmp' 'icmp_ln13_3' <Predicate = true> <Delay = 1.51> <Core = "Cmp">   --->   Core 25 'Cmp' <Latency = 0> <II = 1> <Delay = 1.51> <FuncUnit> <Opcode : 'icmp'> <InPorts = 2> <OutPorts = 1>
ST_9 : Operation 50 [1/1] (0.61ns)   --->   "%or_ln13_1 = or i1 %icmp_ln13_3, %icmp_ln13" [kernel5.cpp:13]   --->   Operation 50 'or' 'or_ln13_1' <Predicate = true> <Delay = 0.61> <Core = "LogicGate">   --->   Core 27 'LogicGate' <Latency = 0> <II = 1> <Delay = 0.61> <FuncUnit> <Opcode : 'and' 'or' 'xor'> <InPorts = 2> <OutPorts = 1>
ST_9 : Operation 51 [1/1] (1.06ns)   --->   "br label %.preheader" [kernel5.cpp:13]   --->   Operation 51 'br' <Predicate = true> <Delay = 1.06>

State 10 <SV = 3> <Delay = 3.34>
ST_10 : Operation 52 [1/1] (0.00ns)   --->   "%sum_01 = phi float [ %sum, %loop2 ], [ undef, %.preheader.preheader ]"   --->   Operation 52 'phi' 'sum_01' <Predicate = true> <Delay = 0.00>
ST_10 : Operation 53 [2/2] (3.34ns)   --->   "%tmp_6 = fcmp olt float %sum_01, %bound_read" [kernel5.cpp:13]   --->   Operation 53 'fcmp' 'tmp_6' <Predicate = true> <Delay = 3.34> <Core = "FCmp">   --->   Core 111 'FCmp' <Latency = 1> <II = 1> <Delay = 3.34> <FuncUnit> <Opcode : 'fcmp'> <InPorts = 2> <OutPorts = 1>

State 11 <SV = 4> <Delay = 3.96>
ST_11 : Operation 54 [1/1] (0.00ns)   --->   "%i_1 = phi i32 [ %i_2, %loop2 ], [ 0, %.preheader.preheader ]"   --->   Operation 54 'phi' 'i_1' <Predicate = true> <Delay = 0.00>
ST_11 : Operation 55 [1/1] (0.00ns)   --->   "%bitcast_ln13 = bitcast float %sum_01 to i32" [kernel5.cpp:13]   --->   Operation 55 'bitcast' 'bitcast_ln13' <Predicate = true> <Delay = 0.00>
ST_11 : Operation 56 [1/1] (0.00ns)   --->   "%tmp_2 = call i8 @_ssdm_op_PartSelect.i8.i32.i32.i32(i32 %bitcast_ln13, i32 23, i32 30)" [kernel5.cpp:13]   --->   Operation 56 'partselect' 'tmp_2' <Predicate = true> <Delay = 0.00>
ST_11 : Operation 57 [1/1] (0.00ns)   --->   "%trunc_ln13_1 = trunc i32 %bitcast_ln13 to i23" [kernel5.cpp:13]   --->   Operation 57 'trunc' 'trunc_ln13_1' <Predicate = true> <Delay = 0.00>
ST_11 : Operation 58 [1/1] (1.22ns)   --->   "%icmp_ln13_1 = icmp ne i8 %tmp_2, -1" [kernel5.cpp:13]   --->   Operation 58 'icmp' 'icmp_ln13_1' <Predicate = true> <Delay = 1.22> <Core = "Cmp">   --->   Core 25 'Cmp' <Latency = 0> <II = 1> <Delay = 1.51> <FuncUnit> <Opcode : 'icmp'> <InPorts = 2> <OutPorts = 1>
ST_11 : Operation 59 [1/1] (1.51ns)   --->   "%icmp_ln13_2 = icmp eq i23 %trunc_ln13_1, 0" [kernel5.cpp:13]   --->   Operation 59 'icmp' 'icmp_ln13_2' <Predicate = true> <Delay = 1.51> <Core = "Cmp">   --->   Core 25 'Cmp' <Latency = 0> <II = 1> <Delay = 1.51> <FuncUnit> <Opcode : 'icmp'> <InPorts = 2> <OutPorts = 1>
ST_11 : Operation 60 [1/1] (0.00ns) (grouped into LUT with out node and_ln13)   --->   "%or_ln13 = or i1 %icmp_ln13_2, %icmp_ln13_1" [kernel5.cpp:13]   --->   Operation 60 'or' 'or_ln13' <Predicate = true> <Delay = 0.00> <Core = "LogicGate">   --->   Core 27 'LogicGate' <Latency = 0> <II = 1> <Delay = 0.61> <FuncUnit> <Opcode : 'and' 'or' 'xor'> <InPorts = 2> <OutPorts = 1>
ST_11 : Operation 61 [1/1] (0.00ns) (grouped into LUT with out node and_ln13)   --->   "%and_ln13_1 = and i1 %or_ln13, %or_ln13_1" [kernel5.cpp:13]   --->   Operation 61 'and' 'and_ln13_1' <Predicate = true> <Delay = 0.00> <Core = "LogicGate">   --->   Core 27 'LogicGate' <Latency = 0> <II = 1> <Delay = 0.61> <FuncUnit> <Opcode : 'and' 'or' 'xor'> <InPorts = 2> <OutPorts = 1>
ST_11 : Operation 62 [1/2] (3.34ns)   --->   "%tmp_6 = fcmp olt float %sum_01, %bound_read" [kernel5.cpp:13]   --->   Operation 62 'fcmp' 'tmp_6' <Predicate = true> <Delay = 3.34> <Core = "FCmp">   --->   Core 111 'FCmp' <Latency = 1> <II = 1> <Delay = 3.34> <FuncUnit> <Opcode : 'fcmp'> <InPorts = 2> <OutPorts = 1>
ST_11 : Operation 63 [1/1] (0.00ns) (grouped into LUT with out node and_ln13)   --->   "%and_ln13_2 = and i1 %and_ln13_1, %tmp_6" [kernel5.cpp:13]   --->   Operation 63 'and' 'and_ln13_2' <Predicate = true> <Delay = 0.00> <Core = "LogicGate">   --->   Core 27 'LogicGate' <Latency = 0> <II = 1> <Delay = 0.61> <FuncUnit> <Opcode : 'and' 'or' 'xor'> <InPorts = 2> <OutPorts = 1>
ST_11 : Operation 64 [1/1] (0.00ns)   --->   "%tmp_7 = call i22 @_ssdm_op_PartSelect.i22.i32.i32.i32(i32 %i_1, i32 10, i32 31)" [kernel5.cpp:13]   --->   Operation 64 'partselect' 'tmp_7' <Predicate = true> <Delay = 0.00>
ST_11 : Operation 65 [1/1] (1.51ns)   --->   "%icmp_ln13_4 = icmp slt i22 %tmp_7, 1" [kernel5.cpp:13]   --->   Operation 65 'icmp' 'icmp_ln13_4' <Predicate = true> <Delay = 1.51> <Core = "Cmp">   --->   Core 25 'Cmp' <Latency = 0> <II = 1> <Delay = 1.51> <FuncUnit> <Opcode : 'icmp'> <InPorts = 2> <OutPorts = 1>
ST_11 : Operation 66 [1/1] (0.61ns) (out node of the LUT)   --->   "%and_ln13 = and i1 %and_ln13_2, %icmp_ln13_4" [kernel5.cpp:13]   --->   Operation 66 'and' 'and_ln13' <Predicate = true> <Delay = 0.61> <Core = "LogicGate">   --->   Core 27 'LogicGate' <Latency = 0> <II = 1> <Delay = 0.61> <FuncUnit> <Opcode : 'and' 'or' 'xor'> <InPorts = 2> <OutPorts = 1>
ST_11 : Operation 67 [1/1] (1.78ns)   --->   "%i_2 = add nsw i32 1, %i_1" [kernel5.cpp:16]   --->   Operation 67 'add' 'i_2' <Predicate = true> <Delay = 1.78> <Core = "AddSub">   --->   Core 14 'AddSub' <Latency = 0> <II = 1> <Delay = 1.78> <FuncUnit> <Opcode : 'add' 'sub'> <InPorts = 2> <OutPorts = 1>
ST_11 : Operation 68 [1/1] (0.00ns)   --->   "br i1 %and_ln13, label %loop2, label %2" [kernel5.cpp:13]   --->   Operation 68 'br' <Predicate = true> <Delay = 0.00>
ST_11 : Operation 69 [1/1] (0.00ns)   --->   "%sext_ln15 = sext i32 %i_1 to i64" [kernel5.cpp:15]   --->   Operation 69 'sext' 'sext_ln15' <Predicate = (and_ln13)> <Delay = 0.00>
ST_11 : Operation 70 [1/1] (0.00ns)   --->   "%tmp_addr_1 = getelementptr inbounds [1024 x float]* %tmp, i64 0, i64 %sext_ln15" [kernel5.cpp:15]   --->   Operation 70 'getelementptr' 'tmp_addr_1' <Predicate = (and_ln13)> <Delay = 0.00>
ST_11 : Operation 71 [2/2] (2.66ns)   --->   "%sum = load float* %tmp_addr_1, align 4" [kernel5.cpp:15]   --->   Operation 71 'load' 'sum' <Predicate = (and_ln13)> <Delay = 2.66> <Core = "RAM">   --->   Core 37 'RAM' <Latency = 1> <II = 1> <Delay = 2.66> <Storage> <Opcode : 'load' 'store'> <Ports = 2> <Width = 32> <Depth = 1024> <RAM>

State 12 <SV = 5> <Delay = 6.01>
ST_12 : Operation 72 [1/1] (0.00ns)   --->   "call void (...)* @_ssdm_op_SpecLoopName([6 x i8]* @p_str2) nounwind" [kernel5.cpp:14]   --->   Operation 72 'specloopname' <Predicate = (and_ln13)> <Delay = 0.00>
ST_12 : Operation 73 [1/1] (0.00ns)   --->   "%tmp_4 = call i32 (...)* @_ssdm_op_SpecRegionBegin([6 x i8]* @p_str2) nounwind" [kernel5.cpp:14]   --->   Operation 73 'specregionbegin' 'tmp_4' <Predicate = (and_ln13)> <Delay = 0.00>
ST_12 : Operation 74 [1/1] (0.00ns)   --->   "call void (...)* @_ssdm_op_SpecPipeline(i32 -1, i32 1, i32 1, i32 0, [1 x i8]* @p_str1) nounwind" [kernel5.cpp:15]   --->   Operation 74 'specpipeline' <Predicate = (and_ln13)> <Delay = 0.00>
ST_12 : Operation 75 [1/2] (2.66ns)   --->   "%sum = load float* %tmp_addr_1, align 4" [kernel5.cpp:15]   --->   Operation 75 'load' 'sum' <Predicate = (and_ln13)> <Delay = 2.66> <Core = "RAM">   --->   Core 37 'RAM' <Latency = 1> <II = 1> <Delay = 2.66> <Storage> <Opcode : 'load' 'store'> <Ports = 2> <Width = 32> <Depth = 1024> <RAM>
ST_12 : Operation 76 [1/1] (0.00ns)   --->   "%empty_6 = call i32 (...)* @_ssdm_op_SpecRegionEnd([6 x i8]* @p_str2, i32 %tmp_4) nounwind" [kernel5.cpp:17]   --->   Operation 76 'specregionend' 'empty_6' <Predicate = (and_ln13)> <Delay = 0.00>
ST_12 : Operation 77 [1/1] (0.00ns)   --->   "br label %.preheader" [kernel5.cpp:17]   --->   Operation 77 'br' <Predicate = (and_ln13)> <Delay = 0.00>

State 13 <SV = 5> <Delay = 0.00>
ST_13 : Operation 78 [1/1] (0.00ns)   --->   "ret float %sum_01" [kernel5.cpp:24]   --->   Operation 78 'ret' <Predicate = true> <Delay = 0.00>


============================================================
+ Verbose Summary: Timing violations
============================================================
Target clock period: 10ns, clock uncertainty: 1.25ns.

 <State 1>: 1.06ns
The critical path consists of the following:
	multiplexor before 'phi' operation ('i') with incoming values : ('i', kernel5.cpp:8) [13]  (1.06 ns)

 <State 2>: 2.66ns
The critical path consists of the following:
	'phi' operation ('i') with incoming values : ('i', kernel5.cpp:8) [13]  (0 ns)
	'getelementptr' operation ('a_addr', kernel5.cpp:10) [23]  (0 ns)
	'load' operation ('a_load', kernel5.cpp:10) on array 'a' [24]  (2.66 ns)

 <State 3>: 2.66ns
The critical path consists of the following:
	'load' operation ('a_load', kernel5.cpp:10) on array 'a' [24]  (2.66 ns)

 <State 4>: 7.72ns
The critical path consists of the following:
	'fadd' operation ('tmp_1', kernel5.cpp:10) [27]  (7.72 ns)

 <State 5>: 7.72ns
The critical path consists of the following:
	'fadd' operation ('tmp_1', kernel5.cpp:10) [27]  (7.72 ns)

 <State 6>: 7.72ns
The critical path consists of the following:
	'fadd' operation ('tmp_1', kernel5.cpp:10) [27]  (7.72 ns)

 <State 7>: 7.72ns
The critical path consists of the following:
	'fadd' operation ('tmp_1', kernel5.cpp:10) [27]  (7.72 ns)

 <State 8>: 2.66ns
The critical path consists of the following:
	'getelementptr' operation ('tmp_addr', kernel5.cpp:10) [28]  (0 ns)
	'store' operation ('store_ln10', kernel5.cpp:10) of variable 'tmp_1', kernel5.cpp:10 on array 'tmp', kernel5.cpp:7 [29]  (2.66 ns)

 <State 9>: 2.14ns
The critical path consists of the following:
	'icmp' operation ('icmp_ln13_3', kernel5.cpp:13) [37]  (1.52 ns)
	'or' operation ('or_ln13_1', kernel5.cpp:13) [38]  (0.616 ns)

 <State 10>: 3.35ns
The critical path consists of the following:
	'phi' operation ('sum') with incoming values : ('sum', kernel5.cpp:15) [42]  (0 ns)
	'fcmp' operation ('tmp_6', kernel5.cpp:13) [50]  (3.35 ns)

 <State 11>: 3.96ns
The critical path consists of the following:
	'fcmp' operation ('tmp_6', kernel5.cpp:13) [50]  (3.35 ns)
	'and' operation ('and_ln13_2', kernel5.cpp:13) [51]  (0 ns)
	'and' operation ('and_ln13', kernel5.cpp:13) [54]  (0.616 ns)

 <State 12>: 6.01ns
The critical path consists of the following:
	'load' operation ('sum', kernel5.cpp:15) on array 'tmp', kernel5.cpp:7 [63]  (2.66 ns)
	'phi' operation ('sum') with incoming values : ('sum', kernel5.cpp:15) [42]  (0 ns)
	'fcmp' operation ('tmp_6', kernel5.cpp:13) [50]  (3.35 ns)

 <State 13>: 0ns
The critical path consists of the following:


============================================================
+ Verbose Summary: Binding
============================================================
N/A
* FSMD analyzer results:
  - Output states:
 - Input state : 
  - Chain level:
	State 1
	State 2
	State 3
	State 4
	State 5
	State 6
	State 7
	State 8
	State 9
	State 10
	State 11
	State 12
	State 13


============================================================
+ Verbose Summary: Datapath Resource usage 
============================================================
N/A
