

================================================================
== Vivado HLS Report for 'kernel3'
================================================================
* Date:           Sat May  8 01:49:17 2021

* Version:        2019.2 (Build 2704478 on Wed Nov 06 22:10:23 MST 2019)
* Project:        prj_kernel3
* Solution:       test
* Product family: kintex7
* Target device:  xc7k160t-fbg484-1


================================================================
== Performance Estimates
================================================================
+ Timing: 
    * Summary: 
    +--------+----------+----------+------------+
    |  Clock |  Target  | Estimated| Uncertainty|
    +--------+----------+----------+------------+
    |ap_clk  | 10.00 ns | 7.717 ns |   1.25 ns  |
    +--------+----------+----------+------------+

+ Latency: 
    * Summary: 
    +---------+---------+-----------+-----------+------+------+---------+
    |  Latency (cycles) |   Latency (absolute)  |   Interval  | Pipeline|
    |   min   |   max   |    min    |    max    |  min |  max |   Type  |
    +---------+---------+-----------+-----------+------+------+---------+
    |     1032|     1032| 10.320 us | 10.320 us |  1032|  1032|   none  |
    +---------+---------+-----------+-----------+------+------+---------+

    + Detail: 
        * Instance: 
        N/A

        * Loop: 
        +----------+---------+---------+----------+-----------+-----------+------+----------+
        |          |  Latency (cycles) | Iteration|  Initiation Interval  | Trip |          |
        | Loop Name|   min   |   max   |  Latency |  achieved |   target  | Count| Pipelined|
        +----------+---------+---------+----------+-----------+-----------+------+----------+
        |- loop    |     1030|     1030|         8|          1|          1|  1024|    yes   |
        +----------+---------+---------+----------+-----------+-----------+------+----------+



================================================================
== Utilization Estimates
================================================================
* Summary: 
+-----------------+---------+-------+--------+--------+-----+
|       Name      | BRAM_18K| DSP48E|   FF   |   LUT  | URAM|
+-----------------+---------+-------+--------+--------+-----+
|DSP              |        -|      -|       -|       -|    -|
|Expression       |        -|      -|       0|      67|    -|
|FIFO             |        -|      -|       -|       -|    -|
|Instance         |        -|      2|     227|     214|    -|
|Memory           |        -|      -|       -|       -|    -|
|Multiplexer      |        -|      -|       -|      48|    -|
|Register         |        0|      -|     268|      64|    -|
+-----------------+---------+-------+--------+--------+-----+
|Total            |        0|      2|     495|     393|    0|
+-----------------+---------+-------+--------+--------+-----+
|Available        |      650|    600|  202800|  101400|    0|
+-----------------+---------+-------+--------+--------+-----+
|Utilization (%)  |        0|   ~0  |   ~0   |   ~0   |    0|
+-----------------+---------+-------+--------+--------+-----+

+ Detail: 
    * Instance: 
    +-------------------------+----------------------+---------+-------+-----+-----+-----+
    |         Instance        |        Module        | BRAM_18K| DSP48E|  FF | LUT | URAM|
    +-------------------------+----------------------+---------+-------+-----+-----+-----+
    |kernel3_fadd_32nsbkb_U1  |kernel3_fadd_32nsbkb  |        0|      2|  227|  214|    0|
    +-------------------------+----------------------+---------+-------+-----+-----+-----+
    |Total                    |                      |        0|      2|  227|  214|    0|
    +-------------------------+----------------------+---------+-------+-----+-----+-----+

    * DSP48E: 
    N/A

    * Memory: 
    N/A

    * FIFO: 
    N/A

    * Expression: 
    +-----------------------------------+----------+-------+---+----+------------+------------+
    |           Variable Name           | Operation| DSP48E| FF| LUT| Bitwidth P0| Bitwidth P1|
    +-----------------------------------+----------+-------+---+----+------------+------------+
    |i_fu_106_p2                        |     +    |      0|  0|  18|          11|           1|
    |ap_block_pp0                       |    and   |      0|  0|   6|           1|           1|
    |ap_enable_state3_pp0_iter1_stage0  |    and   |      0|  0|   6|           1|           1|
    |ap_enable_state4_pp0_iter2_stage0  |    and   |      0|  0|   6|           1|           1|
    |ap_enable_state9_pp0_iter7_stage0  |    and   |      0|  0|   6|           1|           1|
    |icmp_ln5_fu_100_p2                 |   icmp   |      0|  0|  13|          11|          12|
    |ap_enable_pp0                      |    xor   |      0|  0|   6|           1|           2|
    |ap_enable_reg_pp0_iter1            |    xor   |      0|  0|   6|           2|           1|
    +-----------------------------------+----------+-------+---+----+------------+------------+
    |Total                              |          |      0|  0|  67|          29|          20|
    +-----------------------------------+----------+-------+---+----+------------+------------+

    * Multiplexer: 
    +-------------------------+----+-----------+-----+-----------+
    |           Name          | LUT| Input Size| Bits| Total Bits|
    +-------------------------+----+-----------+-----+-----------+
    |ap_NS_fsm                |  21|          4|    1|          4|
    |ap_enable_reg_pp0_iter1  |   9|          2|    1|          2|
    |ap_enable_reg_pp0_iter7  |   9|          2|    1|          2|
    |i_0_reg_85               |   9|          2|   11|         22|
    +-------------------------+----+-----------+-----+-----------+
    |Total                    |  48|         10|   14|         30|
    +-------------------------+----+-----------+-----+-----------+

    * Register: 
    +-------------------------+----+----+-----+-----------+
    |           Name          | FF | LUT| Bits| Const Bits|
    +-------------------------+----+----+-----+-----------+
    |ap_CS_fsm                |   3|   0|    3|          0|
    |ap_enable_reg_pp0_iter0  |   1|   0|    1|          0|
    |ap_enable_reg_pp0_iter1  |   1|   0|    1|          0|
    |ap_enable_reg_pp0_iter2  |   1|   0|    1|          0|
    |ap_enable_reg_pp0_iter3  |   1|   0|    1|          0|
    |ap_enable_reg_pp0_iter4  |   1|   0|    1|          0|
    |ap_enable_reg_pp0_iter5  |   1|   0|    1|          0|
    |ap_enable_reg_pp0_iter6  |   1|   0|    1|          0|
    |ap_enable_reg_pp0_iter7  |   1|   0|    1|          0|
    |hist_addr_reg_141        |  10|   0|   10|          0|
    |hist_load_reg_152        |  32|   0|   32|          0|
    |i_0_reg_85               |  11|   0|   11|          0|
    |icmp_ln5_reg_122         |   1|   0|    1|          0|
    |tmp_reg_162              |  32|   0|   32|          0|
    |weight_load_reg_157      |  32|   0|   32|          0|
    |zext_ln6_reg_131         |  11|   0|   64|         53|
    |hist_addr_reg_141        |  64|  32|   10|          0|
    |icmp_ln5_reg_122         |  64|  32|    1|          0|
    +-------------------------+----+----+-----+-----------+
    |Total                    | 268|  64|  204|         53|
    +-------------------------+----+----+-----+-----------+



================================================================
== Interface
================================================================
* Summary: 
+-----------------+-----+-----+------------+--------------+--------------+
|    RTL Ports    | Dir | Bits|  Protocol  | Source Object|    C Type    |
+-----------------+-----+-----+------------+--------------+--------------+
|ap_clk           |  in |    1| ap_ctrl_hs |    kernel3   | return value |
|ap_rst           |  in |    1| ap_ctrl_hs |    kernel3   | return value |
|ap_start         |  in |    1| ap_ctrl_hs |    kernel3   | return value |
|ap_done          | out |    1| ap_ctrl_hs |    kernel3   | return value |
|ap_idle          | out |    1| ap_ctrl_hs |    kernel3   | return value |
|ap_ready         | out |    1| ap_ctrl_hs |    kernel3   | return value |
|hist_address0    | out |   10|  ap_memory |     hist     |     array    |
|hist_ce0         | out |    1|  ap_memory |     hist     |     array    |
|hist_q0          |  in |   32|  ap_memory |     hist     |     array    |
|hist_address1    | out |   10|  ap_memory |     hist     |     array    |
|hist_ce1         | out |    1|  ap_memory |     hist     |     array    |
|hist_we1         | out |    1|  ap_memory |     hist     |     array    |
|hist_d1          | out |   32|  ap_memory |     hist     |     array    |
|weight_address0  | out |   10|  ap_memory |    weight    |     array    |
|weight_ce0       | out |    1|  ap_memory |    weight    |     array    |
|weight_q0        |  in |   32|  ap_memory |    weight    |     array    |
|index_address0   | out |   10|  ap_memory |     index    |     array    |
|index_ce0        | out |    1|  ap_memory |     index    |     array    |
|index_q0         |  in |   32|  ap_memory |     index    |     array    |
+-----------------+-----+-----+------------+--------------+--------------+

